sdcard.c:5:13:SDCARD_Select	8	static
sdcard.c:9:6:SDCARD_Unselect	8	static
sdcard.c:24:16:SDCARD_ReadR1	24	static
sdcard.c:43:12:SDCARD_WaitDataToken	32	static
sdcard.c:58:12:SDCARD_ReadBytes	32	static
sdcard.c:70:12:SDCARD_WaitNotBusy	16	static
sdcard.c:81:5:SDCARD_Init	24	static
sdcard.c:244:5:SDCARD_GetBlocksNumber	40	static
sdcard.c:297:5:SDCARD_ReadSingleBlock	32	static
sdcard.c:343:5:SDCARD_WriteSingleBlock	32	static
sdcard.c:396:5:SDCARD_ReadBegin	24	static
sdcard.c:424:5:SDCARD_ReadData	24	static
sdcard.c:448:5:SDCARD_ReadEnd	16	static
sdcard.c:477:5:SDCARD_WriteBegin	24	static
sdcard.c:505:5:SDCARD_WriteData	24	static
sdcard.c:537:5:SDCARD_WriteEnd	16	static
