core_cm4.h:1698:22:NVIC_SetPriority	16	static
core_cm4.h:1830:26:SysTick_Config	16	static
main.c:79:6:UART_Printf	272	static
main.c:88:10:readCounter	40	static
main.c:105:10:millis	4	static
main.c:109:6:init	600	static
main.c:215:5:main	80	static
main.c:317:6:SystemClock_Config	96	static
main.c:359:13:MX_I2C1_Init	8	static
main.c:405:13:MX_SPI1_Init	8	static
main.c:445:13:MX_TIM7_Init	24	static
main.c:483:13:MX_USART2_UART_Init	8	static
main.c:518:13:MX_GPIO_Init	40	static
main.c:546:6:Error_Handler	4	static
